RT-11 LIBRARIAN V05.12 	SAT 10-APR-2021 20:00:59
DK:PASCAL.OBJ		

MODULE		GLOBALS 	GLOBALS 	GLOBALS 

SUPSIM		DIVSIM		FASTAD		FASTDI
+		FASTMU		FASTSU		MULSIM
+		SUPSIM		$B117 		$B119 
+		$B121 		$B123 		$FADD 
+		$FDIV 		$FMUL 		$FSUB 
SUPMON		ARRERR		BADDEV		CHNMAP
+		CH0OPT		CH0PTR		COROVR
+		CRLF  		DIVZER		EOFERR
+		EXPOVR		FATLIO		FILE  
+		LOGNEG		MISSNG		NEWOF0
+		NOTOPN		OVRFLO		RESRVD
+		RTAREA		SETBIG		SETR0 
+		SQRNEG		TOOMNY		VERERR
+		$DEFEX		$DEFLE		$END  
+		$FREE 		$KORE 		$RESR5
+		$RESR6		$SAV10		$TTY  
+		RESREG		RTERR 		SAVREG
+		TYPER 		$START
SUPTIM		TIME  		$B106 
SUPIO 		CHKOPN		CHKRW 		CHKRWE
+		KLUDGE		SETIO 
SUPIOI		BACKUF		BACKUP		FILLBF
+		GETCHF		GETCHR		ISITNM
+		LOOKER
SUPIOO		DUMPBF		FORCE 		FORCEF
+		FORCER		PUTCHF		PUTCHR
SUPOPN		OPEN  		REOPEN		$B64  
+		$B66  
SUPBRK		BREAK 		$B62  
SUPCLO		CLOSE 		$B68  
SUPGET		PUTGET		$B60  
SUPRLN		RDLN  		RDLNFL		$B16  
+		$B18  
SUPRCH		RDCH  		RDCHFL		$B0   
+		$B2   
SUPRNM		RDNM  		RDNMFL		$B4   
+		$B6   
SUPRRL		RDRL  		RDRLFL		$B10  
+		$B8   
SUPRST		RDSTG 		RDSTGF		$B12  
+		$B14  
SUPWLN		WRLN  		WRLNFL		$B36  
+		$B38  
SUPWCH		WRCH  		WRCHFL		$B20  
+		$B22  
SUPWNM		WRNM  		WRNMFL		$B24  
+		$B26  
SUPWRL		WRRL  		WRRLFL		$B28  
+		$B30  
SUPWST		WRSTG 		WRSTGF		$B32  
+		$B34  
SUPWBO		WRBO  		WRBOFL		$B110 
+		$B112 
SUPSQR		SQRT  		$B90  
SUPLOG		LN    		LOG   		$B102 
+		$B104 
SUPATN		ATAN  		$B96  
SUPSIN		COS   		SIN   		$B92  
+		$B94  
SUPEXP		EXP   		EXP10 		$B100 
+		$B98  
SUPFLO		$B88  		$FLOAT
SUPFIX		ROUND 		$B108 		$B86  
+		$TRUNC
SUPNEW		$B70  		$NEW  
SUPDIS		$B72  		$DISPO
SUPSET		DOIN  		INSERT		POPSET
+		PSHSET		SETAND		SETDIF
+		SETEQ 		SETGE 		SETLE 
+		SETOR 		$B40  		$B42  
+		$B44  		$B46  		$B48  
+		$B50  		$B52  		$B54  
+		$B56  		$B58  
SUPINT		DODIV 		DOMOD 		DOMUL 
+		UNSDIV		UNSMOD		UNSMUL
+		$B116 		$B118 		$B120 
+		$B78  		$B80  		$B82  
SUPSWP		SWPSTK		$B114 
SUPREG		STKCHK		SVREG 		UNREG 
+		$B125 		$B127 		$B74  
+		$B76  		$$B125
SUPCMP		FLCOMP		$B84  
SUPFOR		$B126 		$$B126
DEBUG 		$B122 		$B124 
.MAIN.		DEXIT 		POINT 
PASDBG		PASDBG
